../Core/Src/main.c:110:20:Enable_Right	16	static
../Core/Src/main.c:111:20:Enable_Left	16	static
../Core/Src/main.c:112:20:Drive_Right	16	static
../Core/Src/main.c:113:20:Drive_Left	16	static
../Core/Src/main.c:122:20:positive_pulse_actions	8	static
../Core/Src/main.c:130:20:negative_pulse_actions	8	static
../Core/Src/main.c:139:20:all_off	8	static
../Core/Src/main.c:148:34:tim_by_id	16	static
../Core/Src/main.c:153:13:apply_set	32	static
../Core/Src/main.c:194:13:do_start	24	static
../Core/Src/main.c:202:13:do_stop	24	static
../Core/Src/main.c:209:13:send_readback	24	static
../Core/Src/main.c:228:6:seq_start	8	static
../Core/Src/main.c:245:6:seq_request_soft_stop	4	static
../Core/Src/main.c:246:6:seq_hard_stop	8	static
../Core/Src/main.c:265:5:main	16	static
../Core/Src/main.c:376:6:SystemClock_Config	88	static
../Core/Src/main.c:423:13:MX_TIM1_Init	40	static
../Core/Src/main.c:470:13:MX_TIM2_Init	40	static
../Core/Src/main.c:515:13:MX_USART2_UART_Init	8	static
../Core/Src/main.c:563:13:MX_GPIO_Init	48	static
../Core/Src/main.c:626:6:HAL_UARTEx_RxEventCallback	16	static
../Core/Src/main.c:642:1:__io_putchar	16	static
../Core/Src/main.c:652:6:HAL_TIM_PeriodElapsedCallback	16	static
../Core/Src/main.c:723:6:Error_Handler	4	static,ignoring_inline_asm
